[1 of 3] Compiling T12042[boot]     ( T12042.hs-boot, T12042.o-boot )
[2 of 3] Compiling T12042a          ( T12042a.hs, T12042a.o )
[3 of 3] Compiling T12042           ( T12042.hs, T12042.o )

T12042.hs:3:1: error:
    Cycle in type synonym declarations:
      T12042.hs:3:1-12: type S = R
      T12042a.hs:3:1-10: B.U from external module
      T12042.hs:4:1-12: type R = B.U
