
T8603.hs:33:17: error:
    • Couldn't match kind ‘* -> *’ with ‘*’
      When matching types
        t0 :: (* -> *) -> * -> *
        (->) :: * -> * -> *
      Expected type: [Integer] -> StateT s RV a0
        Actual type: t0 ((->) [a1]) (RV a1)
    • The function ‘lift’ is applied to two arguments,
      but its type ‘([a1] -> RV a1) -> t0 ((->) [a1]) (RV a1)’
      has only one
      In a stmt of a 'do' block: prize <- lift uniform [1, 2, 3]
      In the expression:
        do prize <- lift uniform [1, 2, ....]
           return False
