[1 of 2] Compiling T1914B           ( T1914B.hs, interpreted )
[2 of 2] Compiling T1914A           ( T1914A.hs, interpreted )
Ok, 2 modules loaded.
[2 of 2] Compiling T1914A           ( T1914A.hs, interpreted )
Failed, 1 module loaded.
[2 of 2] Compiling T1914A           ( T1914A.hs, interpreted )
Ok, 2 modules loaded.
