[1 of 1] Compiling T6105            ( T6105.hs, interpreted )
Ok, 1 module loaded.
[1 of 1] Compiling T6105            ( T6105.hs, interpreted )
Ok, 1 module loaded.
