mdofail006: thread blocked indefinitely in an MVar operation
