
SafeFlags17.hs:4:8: error:
    Prelude: Can't be safely imported!
    The package (base-4.10.0.0) the module resides in isn't trusted.
