
ImpSafe01.hs:9:1: error:
    Data.Word: Can't be safely imported!
    The package (base-4.10.0.0) the module resides in isn't trusted.
