
SimpleFail6.hs:6:10: error:
    Conflicting definitions for ‘a’
    Bound at: SimpleFail6.hs:6:10
              SimpleFail6.hs:7:13
