
mod135.hs:2:11: The export item `module Data.List' is not imported
