
mod8.hs:2:10: The export item `module N' is not imported
