TYPE SIGNATURES
  arbitCs1 :: forall a. (Eq a, Enum a, Show a) => a -> String
  arbitCs2 :: forall a. (Show a, Enum a, Eq a) => a -> String
  arbitCs3 :: forall a. (Show a, Enum a, Eq a) => a -> String
  arbitCs4 :: forall a. (Eq a, Show a, Enum a) => a -> String
  arbitCs5 :: forall a. (Eq a, Enum a, Show a) => a -> String
TYPE CONSTRUCTORS
COERCION AXIOMS
Dependent modules: []
Dependent packages: [base-4.10.0.0, ghc-prim-0.5.1.0,
                     integer-gmp-1.0.0.1]
