TYPE SIGNATURES
TYPE CONSTRUCTORS
  type family F a :: *
    where
        F _t = Int
      axiom NamedWildcardInTypeFamilyInstanceLHS.D:R:F
COERCION AXIOMS
  axiom NamedWildcardInTypeFamilyInstanceLHS.D:R:F ::
    F _t = Int
      -- Defined at NamedWildcardInTypeFamilyInstanceLHS.hs:5:3
Dependent modules: []
Dependent packages: [base-4.10.0.0, ghc-prim-0.5.1.0,
                     integer-gmp-1.0.0.1]
