TYPE SIGNATURES
  f :: Bool
  g :: Bool
  orr :: forall a. a -> a -> a
TYPE CONSTRUCTORS
COERCION AXIOMS
Dependent modules: []
Dependent packages: [base-4.10.0.0, ghc-prim-0.5.1.0,
                     integer-gmp-1.0.0.1]
