
SuperCls.hs:4:14: warning: [-Wpartial-type-signatures (in -Wdefault)]
    • Found type wildcard ‘_’ standing for ‘() :: Constraint’
    • In the type signature: f :: (Ord a, _) => a -> Bool
