
rnfail028.hs:2:21: The export item `module List' is not imported
