import qualified Data.ByteString as B ( readFile, putStr )
