TYPE SIGNATURES
  foo :: forall a. a -> a
TYPE CONSTRUCTORS
COERCION AXIOMS
Dependent modules: []
Dependent packages: [base-4.10.0.0, ghc-prim-0.5.1.0,
                     integer-gmp-1.0.0.1]
[
 {"span": null,"doc": "TYPE SIGNATURES\n  foo :: forall a. a -> a\nTYPE CONSTRUCTORS\nCOERCION AXIOMS\nDependent modules: []\nDependent packages: [base-4.10.0.0, ghc-prim-0.5.1.0,\n                     integer-gmp-1.0.0.1]","severity": "SevOutput","reason": null}]
