Foo.$wf4 [InlPrag=[0], Occ=LoopBreaker] :: GHC.Prim.Int# -> GHC.Prim.Int# -> GHC.Prim.Int#
Foo.$wf2 [InlPrag=[0], Occ=LoopBreaker] :: GHC.Prim.Int# -> GHC.Prim.Int# -> GHC.Prim.Int#
Foo.$wf1 [InlPrag=[0], Occ=LoopBreaker] :: GHC.Prim.Int# -> GHC.Prim.Int#
Foo.$wf3 [InlPrag=[0], Occ=LoopBreaker] :: GHC.Prim.Int# -> GHC.Prim.Int# -> GHC.Prim.Int#
