T10482.$wfoo [InlPrag=[0], Occ=LoopBreaker] :: GHC.Prim.Int# -> GHC.Prim.Int# -> GHC.Prim.Int#
