
drvfail016.hs-boot:7:14: error:
    Deriving not permitted in hs-boot file
      Use an instance declaration instead
